// Jest Snapshot v1, https://goo.gl/fbAQLP

exports[`Link changes the class when clicked 1`] = `
Array [
  <a
    href="/CreateItem"
    onClick={[Function]}
  >
    <svg
      fill="currentColor"
      height="1em"
      stroke="currentColor"
      strokeWidth="0"
      style={
        Object {
          "color": undefined,
        }
      }
      viewBox="0 0 24 24"
      width="1em"
      xmlns="http://www.w3.org/2000/svg"
    >
      <path
        d="M12,22 C17.5228475,22 22,17.5228475 22,12 C22,6.4771525 17.5228475,2 12,2 C6.4771525,2 2,6.4771525 2,12 C2,17.5228475 6.4771525,22 12,22 Z M12,18 L12,6 M6,12 L18,12"
        fill="none"
        stroke="#000"
        strokeWidth="2"
      />
    </svg>
  </a>,
  ",",
  <a
    href="/"
    onClick={[Function]}
  >
    <svg
      fill="currentColor"
      height="1em"
      stroke="currentColor"
      strokeWidth="0"
      style={
        Object {
          "color": undefined,
        }
      }
      viewBox="0 0 1024 1024"
      width="1em"
      xmlns="http://www.w3.org/2000/svg"
    >
      <path
        d="M946.5 505L534.6 93.4a31.93 31.93 0 0 0-45.2 0L77.5 505c-12 12-18.8 28.3-18.8 45.3 0 35.3 28.7 64 64 64h43.4V908c0 17.7 14.3 32 32 32H448V716h112v224h265.9c17.7 0 32-14.3 32-32V614.3h43.4c17 0 33.3-6.7 45.3-18.8 24.9-25 24.9-65.5-.1-90.5z"
      />
    </svg>
  </a>,
  ",",
  <a
    href="/Statistics"
    onClick={[Function]}
  >
    <svg
      fill="currentColor"
      height="1em"
      stroke="currentColor"
      strokeWidth="0"
      style={
        Object {
          "color": undefined,
        }
      }
      viewBox="0 0 16 16"
      width="1em"
      xmlns="http://www.w3.org/2000/svg"
    >
      <path
        d="M0 0h1v16H0V0zm1 15h15v1H1v-1z"
      />
      <path
        clipRule="evenodd"
        d="M14.39 4.312L10.041 9.75 7 6.707l-3.646 3.647-.708-.708L7 5.293 9.959 8.25l3.65-4.563.781.624z"
        fillRule="evenodd"
      />
      <path
        clipRule="evenodd"
        d="M10 3.5a.5.5 0 01.5-.5h4a.5.5 0 01.5.5v4a.5.5 0 01-1 0V4h-3.5a.5.5 0 01-.5-.5z"
        fillRule="evenodd"
      />
    </svg>
  </a>,
  ",",
]
`;

exports[`Link changes the class when clicked 2`] = `
Array [
  <a
    href="/CreateItem"
    onClick={[Function]}
  >
    <svg
      fill="currentColor"
      height="1em"
      stroke="currentColor"
      strokeWidth="0"
      style={
        Object {
          "color": undefined,
        }
      }
      viewBox="0 0 24 24"
      width="1em"
      xmlns="http://www.w3.org/2000/svg"
    >
      <path
        d="M12,22 C17.5228475,22 22,17.5228475 22,12 C22,6.4771525 17.5228475,2 12,2 C6.4771525,2 2,6.4771525 2,12 C2,17.5228475 6.4771525,22 12,22 Z M12,18 L12,6 M6,12 L18,12"
        fill="none"
        stroke="#000"
        strokeWidth="2"
      />
    </svg>
  </a>,
  ",",
  <a
    href="/"
    onClick={[Function]}
  >
    <svg
      fill="currentColor"
      height="1em"
      stroke="currentColor"
      strokeWidth="0"
      style={
        Object {
          "color": undefined,
        }
      }
      viewBox="0 0 1024 1024"
      width="1em"
      xmlns="http://www.w3.org/2000/svg"
    >
      <path
        d="M946.5 505L534.6 93.4a31.93 31.93 0 0 0-45.2 0L77.5 505c-12 12-18.8 28.3-18.8 45.3 0 35.3 28.7 64 64 64h43.4V908c0 17.7 14.3 32 32 32H448V716h112v224h265.9c17.7 0 32-14.3 32-32V614.3h43.4c17 0 33.3-6.7 45.3-18.8 24.9-25 24.9-65.5-.1-90.5z"
      />
    </svg>
  </a>,
  ",",
  <a
    href="/Statistics"
    onClick={[Function]}
  >
    <svg
      fill="currentColor"
      height="1em"
      stroke="currentColor"
      strokeWidth="0"
      style={
        Object {
          "color": undefined,
        }
      }
      viewBox="0 0 16 16"
      width="1em"
      xmlns="http://www.w3.org/2000/svg"
    >
      <path
        d="M0 0h1v16H0V0zm1 15h15v1H1v-1z"
      />
      <path
        clipRule="evenodd"
        d="M14.39 4.312L10.041 9.75 7 6.707l-3.646 3.647-.708-.708L7 5.293 9.959 8.25l3.65-4.563.781.624z"
        fillRule="evenodd"
      />
      <path
        clipRule="evenodd"
        d="M10 3.5a.5.5 0 01.5-.5h4a.5.5 0 01.5.5v4a.5.5 0 01-1 0V4h-3.5a.5.5 0 01-.5-.5z"
        fillRule="evenodd"
      />
    </svg>
  </a>,
  ",",
]
`;

exports[`Link changes the class when hovered 1`] = `
Array [
  <a
    href="/CreateItem"
    onClick={[Function]}
  >
    <svg
      fill="currentColor"
      height="1em"
      stroke="currentColor"
      strokeWidth="0"
      style={
        Object {
          "color": undefined,
        }
      }
      viewBox="0 0 24 24"
      width="1em"
      xmlns="http://www.w3.org/2000/svg"
    >
      <path
        d="M12,22 C17.5228475,22 22,17.5228475 22,12 C22,6.4771525 17.5228475,2 12,2 C6.4771525,2 2,6.4771525 2,12 C2,17.5228475 6.4771525,22 12,22 Z M12,18 L12,6 M6,12 L18,12"
        fill="none"
        stroke="#000"
        strokeWidth="2"
      />
    </svg>
  </a>,
  ",",
  <a
    href="/"
    onClick={[Function]}
  >
    <svg
      fill="currentColor"
      height="1em"
      stroke="currentColor"
      strokeWidth="0"
      style={
        Object {
          "color": undefined,
        }
      }
      viewBox="0 0 1024 1024"
      width="1em"
      xmlns="http://www.w3.org/2000/svg"
    >
      <path
        d="M946.5 505L534.6 93.4a31.93 31.93 0 0 0-45.2 0L77.5 505c-12 12-18.8 28.3-18.8 45.3 0 35.3 28.7 64 64 64h43.4V908c0 17.7 14.3 32 32 32H448V716h112v224h265.9c17.7 0 32-14.3 32-32V614.3h43.4c17 0 33.3-6.7 45.3-18.8 24.9-25 24.9-65.5-.1-90.5z"
      />
    </svg>
  </a>,
  ",",
  <a
    href="/Statistics"
    onClick={[Function]}
  >
    <svg
      fill="currentColor"
      height="1em"
      stroke="currentColor"
      strokeWidth="0"
      style={
        Object {
          "color": undefined,
        }
      }
      viewBox="0 0 16 16"
      width="1em"
      xmlns="http://www.w3.org/2000/svg"
    >
      <path
        d="M0 0h1v16H0V0zm1 15h15v1H1v-1z"
      />
      <path
        clipRule="evenodd"
        d="M14.39 4.312L10.041 9.75 7 6.707l-3.646 3.647-.708-.708L7 5.293 9.959 8.25l3.65-4.563.781.624z"
        fillRule="evenodd"
      />
      <path
        clipRule="evenodd"
        d="M10 3.5a.5.5 0 01.5-.5h4a.5.5 0 01.5.5v4a.5.5 0 01-1 0V4h-3.5a.5.5 0 01-.5-.5z"
        fillRule="evenodd"
      />
    </svg>
  </a>,
  ",",
]
`;

exports[`Link changes the class when hovered 2`] = `
Array [
  <a
    href="/CreateItem"
    onClick={[Function]}
  >
    <svg
      fill="currentColor"
      height="1em"
      stroke="currentColor"
      strokeWidth="0"
      style={
        Object {
          "color": undefined,
        }
      }
      viewBox="0 0 24 24"
      width="1em"
      xmlns="http://www.w3.org/2000/svg"
    >
      <path
        d="M12,22 C17.5228475,22 22,17.5228475 22,12 C22,6.4771525 17.5228475,2 12,2 C6.4771525,2 2,6.4771525 2,12 C2,17.5228475 6.4771525,22 12,22 Z M12,18 L12,6 M6,12 L18,12"
        fill="none"
        stroke="#000"
        strokeWidth="2"
      />
    </svg>
  </a>,
  ",",
  <a
    href="/"
    onClick={[Function]}
  >
    <svg
      fill="currentColor"
      height="1em"
      stroke="currentColor"
      strokeWidth="0"
      style={
        Object {
          "color": undefined,
        }
      }
      viewBox="0 0 1024 1024"
      width="1em"
      xmlns="http://www.w3.org/2000/svg"
    >
      <path
        d="M946.5 505L534.6 93.4a31.93 31.93 0 0 0-45.2 0L77.5 505c-12 12-18.8 28.3-18.8 45.3 0 35.3 28.7 64 64 64h43.4V908c0 17.7 14.3 32 32 32H448V716h112v224h265.9c17.7 0 32-14.3 32-32V614.3h43.4c17 0 33.3-6.7 45.3-18.8 24.9-25 24.9-65.5-.1-90.5z"
      />
    </svg>
  </a>,
  ",",
  <a
    href="/Statistics"
    onClick={[Function]}
  >
    <svg
      fill="currentColor"
      height="1em"
      stroke="currentColor"
      strokeWidth="0"
      style={
        Object {
          "color": undefined,
        }
      }
      viewBox="0 0 16 16"
      width="1em"
      xmlns="http://www.w3.org/2000/svg"
    >
      <path
        d="M0 0h1v16H0V0zm1 15h15v1H1v-1z"
      />
      <path
        clipRule="evenodd"
        d="M14.39 4.312L10.041 9.75 7 6.707l-3.646 3.647-.708-.708L7 5.293 9.959 8.25l3.65-4.563.781.624z"
        fillRule="evenodd"
      />
      <path
        clipRule="evenodd"
        d="M10 3.5a.5.5 0 01.5-.5h4a.5.5 0 01.5.5v4a.5.5 0 01-1 0V4h-3.5a.5.5 0 01-.5-.5z"
        fillRule="evenodd"
      />
    </svg>
  </a>,
  ",",
]
`;
