// Jest Snapshot v1, https://goo.gl/fbAQLP

exports[`<Home /> matches the snapshot 1`] = `
<div>
  <nav
    aria-label="main navigation"
    className="navbar is-dark"
    role="navigation"
  >
    <div
      className="navbar-brand"
    >
      <div
        className="navbar-item"
      >
        <div
          className="navbar-item"
        >
          <svg
            fill="currentColor"
            height="40px"
            stroke="currentColor"
            strokeWidth="0"
            style={
              Object {
                "color": "#4c79f2",
              }
            }
            viewBox="0 0 576 512"
            width="40px"
            xmlns="http://www.w3.org/2000/svg"
          >
            <path
              d="M560 288h-80v96l-32-21.3-32 21.3v-96h-80c-8.8 0-16 7.2-16 16v192c0 8.8 7.2 16 16 16h224c8.8 0 16-7.2 16-16V304c0-8.8-7.2-16-16-16zm-384-64h224c8.8 0 16-7.2 16-16V16c0-8.8-7.2-16-16-16h-80v96l-32-21.3L256 96V0h-80c-8.8 0-16 7.2-16 16v192c0 8.8 7.2 16 16 16zm64 64h-80v96l-32-21.3L96 384v-96H16c-8.8 0-16 7.2-16 16v192c0 8.8 7.2 16 16 16h224c8.8 0 16-7.2 16-16V304c0-8.8-7.2-16-16-16z"
            />
          </svg>
        </div>
        <div
          className="navbar-item brand-name is-white"
        >
          WAREHOUSE
        </div>
      </div>
      <div
        className="navbar-burger navbar-end"
        onClick={[Function]}
        onKeyPress={[Function]}
        role="button"
        tabIndex="0"
      >
        <svg
          fill="currentColor"
          height="1em"
          stroke="currentColor"
          strokeWidth="0"
          style={
            Object {
              "color": undefined,
            }
          }
          viewBox="0 0 512 512"
          width="1em"
          xmlns="http://www.w3.org/2000/svg"
        >
          <path
            d="M32 96v64h448V96H32zm0 128v64h448v-64H32zm0 128v64h448v-64H32z"
          />
        </svg>
      </div>
      <div
        className="nav-menu"
      >
        <div
          onClick={[Function]}
          onKeyPress={[Function]}
          role="button"
          tabIndex={0}
        >
          <a
            href="/Login"
            onClick={[Function]}
          >
            Login
          </a>
        </div>
        <div
          onClick={[Function]}
          onKeyPress={[Function]}
          role="button"
          tabIndex={0}
        >
          <a
            href="/Signup"
            onClick={[Function]}
          >
            Signup
          </a>
        </div>
      </div>
    </div>
    <div
      className="navbar-menu"
    >
      <div
        className="navbar-end"
      >
        <div
          className="navbar-item"
        >
          <a
            href="/Login"
            onClick={[Function]}
          >
            Login
          </a>
        </div>
        <div
          className="navbar-item"
        >
          <a
            href="/Signup"
            onClick={[Function]}
          >
            Signup
          </a>
        </div>
      </div>
    </div>
  </nav>
  <div
    className="login-form-container"
  >
    <div
      className="card width-400"
    >
      <div
        className="card-image"
      >
        <figure
          className="image"
        >
          <img
            alt="placeholder"
            src="background.jpg"
          />
        </figure>
      </div>
      <div
        className="card-content"
      >
        <div
          className="media"
        >
          <div
            className="is-size-4"
          >
            SignUp
          </div>
        </div>
        <div
          className="content"
        >
          <div
            className="field"
          >
            <label
              htmlFor="name"
            >
              <div
                className="control has-icons-left has-icons-right"
              >
                <input
                  className="input"
                  name="username"
                  onChange={[Function]}
                  placeholder="username"
                  required={true}
                  type="text"
                />
                <span
                  className="icon is-small is-left"
                >
                  <svg
                    fill="currentColor"
                    height="1em"
                    stroke="currentColor"
                    strokeWidth="0"
                    style={
                      Object {
                        "color": undefined,
                      }
                    }
                    viewBox="0 0 448 512"
                    width="1em"
                    xmlns="http://www.w3.org/2000/svg"
                  >
                    <path
                      d="M224 256c70.7 0 128-57.3 128-128S294.7 0 224 0 96 57.3 96 128s57.3 128 128 128zm89.6 32h-16.7c-22.2 10.2-46.9 16-72.9 16s-50.6-5.8-72.9-16h-16.7C60.2 288 0 348.2 0 422.4V464c0 26.5 21.5 48 48 48h352c26.5 0 48-21.5 48-48v-41.6c0-74.2-60.2-134.4-134.4-134.4z"
                    />
                  </svg>
                </span>
              </div>
            </label>
          </div>
          <div
            className="field"
          >
            <label
              htmlFor="password"
            >
              <div
                className="control has-icons-left has-icons-right"
              >
                <input
                  className="input"
                  name="password"
                  onChange={[Function]}
                  placeholder="password"
                  required={true}
                  type="password"
                />
                <span
                  className="icon is-small is-left"
                >
                  <svg
                    fill="currentColor"
                    height="1em"
                    stroke="currentColor"
                    strokeWidth="0"
                    style={
                      Object {
                        "color": undefined,
                      }
                    }
                    viewBox="0 0 24 24"
                    width="1em"
                    xmlns="http://www.w3.org/2000/svg"
                  >
                    <path
                      d="M12,2C9.243,2,7,4.243,7,7v2H6c-1.103,0-2,0.897-2,2v9c0,1.103,0.897,2,2,2h12c1.103,0,2-0.897,2-2v-9c0-1.103-0.897-2-2-2 h-1V7C17,4.243,14.757,2,12,2z M9,7c0-1.654,1.346-3,3-3s3,1.346,3,3v2H9V7z M18.002,20H13v-2.278c0.595-0.347,1-0.985,1-1.722 c0-1.103-0.897-2-2-2s-2,0.897-2,2c0,0.736,0.405,1.375,1,1.722V20H6v-9h12L18.002,20z"
                    />
                  </svg>
                </span>
              </div>
            </label>
            <div
              className="field padding-2-5"
            >
              <button
                className="button is-fullwidth is-success"
                onClick={[Function]}
                type="button"
              >
                Sign Up
              </button>
            </div>
          </div>
          <time
            dateTime="2016-1-1"
          >
            11:09 PM - 1 Jan 2016
          </time>
        </div>
      </div>
    </div>
  </div>
</div>
`;

exports[`<Signup /> matches the snapshot 1`] = `
<div>
  <nav
    aria-label="main navigation"
    className="navbar is-dark"
    role="navigation"
  >
    <div
      className="navbar-brand"
    >
      <div
        className="navbar-item"
      >
        <div
          className="navbar-item"
        >
          <svg
            fill="currentColor"
            height="40px"
            stroke="currentColor"
            strokeWidth="0"
            style={
              Object {
                "color": "#4c79f2",
              }
            }
            viewBox="0 0 576 512"
            width="40px"
            xmlns="http://www.w3.org/2000/svg"
          >
            <path
              d="M560 288h-80v96l-32-21.3-32 21.3v-96h-80c-8.8 0-16 7.2-16 16v192c0 8.8 7.2 16 16 16h224c8.8 0 16-7.2 16-16V304c0-8.8-7.2-16-16-16zm-384-64h224c8.8 0 16-7.2 16-16V16c0-8.8-7.2-16-16-16h-80v96l-32-21.3L256 96V0h-80c-8.8 0-16 7.2-16 16v192c0 8.8 7.2 16 16 16zm64 64h-80v96l-32-21.3L96 384v-96H16c-8.8 0-16 7.2-16 16v192c0 8.8 7.2 16 16 16h224c8.8 0 16-7.2 16-16V304c0-8.8-7.2-16-16-16z"
            />
          </svg>
        </div>
        <div
          className="navbar-item brand-name is-white"
        >
          WAREHOUSE
        </div>
      </div>
      <div
        className="navbar-burger navbar-end"
        onClick={[Function]}
        onKeyPress={[Function]}
        role="button"
        tabIndex="0"
      >
        <svg
          fill="currentColor"
          height="1em"
          stroke="currentColor"
          strokeWidth="0"
          style={
            Object {
              "color": undefined,
            }
          }
          viewBox="0 0 512 512"
          width="1em"
          xmlns="http://www.w3.org/2000/svg"
        >
          <path
            d="M32 96v64h448V96H32zm0 128v64h448v-64H32zm0 128v64h448v-64H32z"
          />
        </svg>
      </div>
      <div
        className="nav-menu"
      >
        <div
          onClick={[Function]}
          onKeyPress={[Function]}
          role="button"
          tabIndex={0}
        >
          <a
            href="/Login"
            onClick={[Function]}
          >
            Login
          </a>
        </div>
        <div
          onClick={[Function]}
          onKeyPress={[Function]}
          role="button"
          tabIndex={0}
        >
          <a
            href="/Signup"
            onClick={[Function]}
          >
            Signup
          </a>
        </div>
      </div>
    </div>
    <div
      className="navbar-menu"
    >
      <div
        className="navbar-end"
      >
        <div
          className="navbar-item"
        >
          <a
            href="/Login"
            onClick={[Function]}
          >
            Login
          </a>
        </div>
        <div
          className="navbar-item"
        >
          <a
            href="/Signup"
            onClick={[Function]}
          >
            Signup
          </a>
        </div>
      </div>
    </div>
  </nav>
  <div
    className="login-form-container"
  >
    <div
      className="card width-400"
    >
      <div
        className="card-image"
      >
        <figure
          className="image"
        >
          <img
            alt="placeholder"
            src="background.jpg"
          />
        </figure>
      </div>
      <div
        className="card-content"
      >
        <div
          className="media"
        >
          <div
            className="is-size-4"
          >
            SignUp
          </div>
        </div>
        <div
          className="content"
        >
          <div
            className="field"
          >
            <label
              htmlFor="name"
            >
              <div
                className="control has-icons-left has-icons-right"
              >
                <input
                  className="input"
                  name="username"
                  onChange={[Function]}
                  placeholder="username"
                  required={true}
                  type="text"
                />
                <span
                  className="icon is-small is-left"
                >
                  <svg
                    fill="currentColor"
                    height="1em"
                    stroke="currentColor"
                    strokeWidth="0"
                    style={
                      Object {
                        "color": undefined,
                      }
                    }
                    viewBox="0 0 448 512"
                    width="1em"
                    xmlns="http://www.w3.org/2000/svg"
                  >
                    <path
                      d="M224 256c70.7 0 128-57.3 128-128S294.7 0 224 0 96 57.3 96 128s57.3 128 128 128zm89.6 32h-16.7c-22.2 10.2-46.9 16-72.9 16s-50.6-5.8-72.9-16h-16.7C60.2 288 0 348.2 0 422.4V464c0 26.5 21.5 48 48 48h352c26.5 0 48-21.5 48-48v-41.6c0-74.2-60.2-134.4-134.4-134.4z"
                    />
                  </svg>
                </span>
              </div>
            </label>
          </div>
          <div
            className="field"
          >
            <label
              htmlFor="password"
            >
              <div
                className="control has-icons-left has-icons-right"
              >
                <input
                  className="input"
                  name="password"
                  onChange={[Function]}
                  placeholder="password"
                  required={true}
                  type="password"
                />
                <span
                  className="icon is-small is-left"
                >
                  <svg
                    fill="currentColor"
                    height="1em"
                    stroke="currentColor"
                    strokeWidth="0"
                    style={
                      Object {
                        "color": undefined,
                      }
                    }
                    viewBox="0 0 24 24"
                    width="1em"
                    xmlns="http://www.w3.org/2000/svg"
                  >
                    <path
                      d="M12,2C9.243,2,7,4.243,7,7v2H6c-1.103,0-2,0.897-2,2v9c0,1.103,0.897,2,2,2h12c1.103,0,2-0.897,2-2v-9c0-1.103-0.897-2-2-2 h-1V7C17,4.243,14.757,2,12,2z M9,7c0-1.654,1.346-3,3-3s3,1.346,3,3v2H9V7z M18.002,20H13v-2.278c0.595-0.347,1-0.985,1-1.722 c0-1.103-0.897-2-2-2s-2,0.897-2,2c0,0.736,0.405,1.375,1,1.722V20H6v-9h12L18.002,20z"
                    />
                  </svg>
                </span>
              </div>
            </label>
            <div
              className="field padding-2-5"
            >
              <button
                className="button is-fullwidth is-success"
                onClick={[Function]}
                type="button"
              >
                Sign Up
              </button>
            </div>
          </div>
          <time
            dateTime="2016-1-1"
          >
            11:09 PM - 1 Jan 2016
          </time>
        </div>
      </div>
    </div>
  </div>
</div>
`;
